exception handling 
